// Validating benchmarks:
// ***** BenchmarkRunner: Start   *****
// ***** Found 4 benchmark(s) in total *****
// ***** Building 1 exe(s) in Parallel: Start   *****
Unable to find .sln or .csproj file. Will use current directory C:\dev\github\msynk\Bsync to search for project file. If you don't use .sln file on purpose it should not be a problem.
// start dotnet  restore --nodeReuse:false /p:UseSharedCompilation=false /p:Deterministic=true /p:Optimize=true /p:ArtifactsPath="C:\dev\github\msynk\Bsync\src\Tests\Bsync.Benchmarks\bin\Release\net10.0\Bsync.Benchmarks-ShortRun-1/" /p:OutDir="C:\dev\github\msynk\Bsync\src\Tests\Bsync.Benchmarks\bin\Release\net10.0\Bsync.Benchmarks-ShortRun-1\bin\Release\net10.0/" /p:OutputPath="C:\dev\github\msynk\Bsync\src\Tests\Bsync.Benchmarks\bin\Release\net10.0\Bsync.Benchmarks-ShortRun-1\bin\Release\net10.0/" /p:PublishDir="C:\dev\github\msynk\Bsync\src\Tests\Bsync.Benchmarks\bin\Release\net10.0\Bsync.Benchmarks-ShortRun-1\publish/" in C:\dev\github\msynk\Bsync\src\Tests\Bsync.Benchmarks\bin\Release\net10.0\Bsync.Benchmarks-ShortRun-1
// command took 1.81 sec and exited with 0
// start dotnet  build -c Release --no-restore --nodeReuse:false /p:UseSharedCompilation=false /p:Deterministic=true /p:Optimize=true /p:ArtifactsPath="C:\dev\github\msynk\Bsync\src\Tests\Bsync.Benchmarks\bin\Release\net10.0\Bsync.Benchmarks-ShortRun-1/" /p:OutDir="C:\dev\github\msynk\Bsync\src\Tests\Bsync.Benchmarks\bin\Release\net10.0\Bsync.Benchmarks-ShortRun-1\bin\Release\net10.0/" /p:OutputPath="C:\dev\github\msynk\Bsync\src\Tests\Bsync.Benchmarks\bin\Release\net10.0\Bsync.Benchmarks-ShortRun-1\bin\Release\net10.0/" /p:PublishDir="C:\dev\github\msynk\Bsync\src\Tests\Bsync.Benchmarks\bin\Release\net10.0\Bsync.Benchmarks-ShortRun-1\publish/" --output "C:\dev\github\msynk\Bsync\src\Tests\Bsync.Benchmarks\bin\Release\net10.0\Bsync.Benchmarks-ShortRun-1\bin\Release\net10.0/" in C:\dev\github\msynk\Bsync\src\Tests\Bsync.Benchmarks\bin\Release\net10.0\Bsync.Benchmarks-ShortRun-1
// command took 17.11 sec and exited with 0
// ***** Done, took 00:00:20 (20.82 sec)   *****
// Found 4 benchmarks:
//   LocalQuery.IndexedPage: ShortRun(IterationCount=3, LaunchCount=1, WarmupCount=3) [Count=10000, Store=memory]
//   LocalQuery.IndexedPage: ShortRun(IterationCount=3, LaunchCount=1, WarmupCount=3) [Count=10000, Store=sqlite-full]
//   LocalQuery.IndexedPage: ShortRun(IterationCount=3, LaunchCount=1, WarmupCount=3) [Count=50000, Store=memory]
//   LocalQuery.IndexedPage: ShortRun(IterationCount=3, LaunchCount=1, WarmupCount=3) [Count=50000, Store=sqlite-full]

Setup power plan (GUID: 8c5e7fda-e8bf-4a96-9a85-a6e23a8c635c FriendlyName: High performance)
// **************************
// Benchmark: LocalQuery.IndexedPage: ShortRun(IterationCount=3, LaunchCount=1, WarmupCount=3) [Count=10000, Store=memory]
// *** Execute ***
// Launch: 1 / 1
// Execute: dotnet Bsync.Benchmarks-ShortRun-1.dll --anonymousPipes 2148 1492 --benchmarkName "LocalQuery.IndexedPage(Count: 10000, Store: \"memory\")" --job ShortRun --benchmarkId 0 in C:\dev\github\msynk\Bsync\src\Tests\Bsync.Benchmarks\bin\Release\net10.0\Bsync.Benchmarks-ShortRun-1\bin\Release\net10.0
// BeforeAnythingElse

// Benchmark Process Environment Information:
// BenchmarkDotNet v0.15.8
// Runtime=.NET 10.0.12 (10.0.12, 10.0.1226.42308), X64 RyuJIT x86-64-v3
// GC=Concurrent Workstation
// HardwareIntrinsics=AVX2+BMI1+BMI2+F16C+FMA+LZCNT+MOVBE,AVX,SSE3+SSSE3+SSE4.1+SSE4.2+POPCNT,X86Base+SSE+SSE2,AES+PCLMUL,AvxVnni,SERIALIZE VectorSize=256
// Job: ShortRun(IterationCount=3, LaunchCount=1, WarmupCount=3)

OverheadJitting  1: 1 op, 318200.00 ns, 318.2000 us/op
WorkloadJitting  1: 1 op, 15454200.00 ns, 15.4542 ms/op

OverheadJitting  2: 16 op, 845200.00 ns, 52.8250 us/op
WorkloadJitting  2: 16 op, 39931100.00 ns, 2.4957 ms/op

WorkloadPilot    1: 16 op, 35904500.00 ns, 2.2440 ms/op
WorkloadPilot    2: 32 op, 77548900.00 ns, 2.4234 ms/op
WorkloadPilot    3: 64 op, 142138400.00 ns, 2.2209 ms/op
WorkloadPilot    4: 128 op, 201348400.00 ns, 1.5730 ms/op
WorkloadPilot    5: 256 op, 361251900.00 ns, 1.4111 ms/op
WorkloadPilot    6: 512 op, 437608600.00 ns, 854.7043 us/op
WorkloadPilot    7: 1024 op, 271645100.00 ns, 265.2784 us/op
WorkloadPilot    8: 2048 op, 489322100.00 ns, 238.9268 us/op
WorkloadPilot    9: 4096 op, 910980300.00 ns, 222.4073 us/op

OverheadWarmup   1: 4096 op, 15300.00 ns, 3.7354 ns/op
OverheadWarmup   2: 4096 op, 12400.00 ns, 3.0273 ns/op
OverheadWarmup   3: 4096 op, 12000.00 ns, 2.9297 ns/op
OverheadWarmup   4: 4096 op, 11900.00 ns, 2.9053 ns/op
OverheadWarmup   5: 4096 op, 12000.00 ns, 2.9297 ns/op
OverheadWarmup   6: 4096 op, 12100.00 ns, 2.9541 ns/op
OverheadWarmup   7: 4096 op, 13000.00 ns, 3.1738 ns/op
OverheadWarmup   8: 4096 op, 12400.00 ns, 3.0273 ns/op
OverheadWarmup   9: 4096 op, 12000.00 ns, 2.9297 ns/op
OverheadWarmup  10: 4096 op, 12500.00 ns, 3.0518 ns/op

OverheadActual   1: 4096 op, 12900.00 ns, 3.1494 ns/op
OverheadActual   2: 4096 op, 13100.00 ns, 3.1982 ns/op
OverheadActual   3: 4096 op, 13400.00 ns, 3.2715 ns/op
OverheadActual   4: 4096 op, 12600.00 ns, 3.0762 ns/op
OverheadActual   5: 4096 op, 13000.00 ns, 3.1738 ns/op
OverheadActual   6: 4096 op, 12200.00 ns, 2.9785 ns/op
OverheadActual   7: 4096 op, 13800.00 ns, 3.3691 ns/op
OverheadActual   8: 4096 op, 12900.00 ns, 3.1494 ns/op
OverheadActual   9: 4096 op, 12000.00 ns, 2.9297 ns/op
OverheadActual  10: 4096 op, 11900.00 ns, 2.9053 ns/op
OverheadActual  11: 4096 op, 12000.00 ns, 2.9297 ns/op
OverheadActual  12: 4096 op, 12000.00 ns, 2.9297 ns/op
OverheadActual  13: 4096 op, 11900.00 ns, 2.9053 ns/op
OverheadActual  14: 4096 op, 11700.00 ns, 2.8564 ns/op
OverheadActual  15: 4096 op, 12000.00 ns, 2.9297 ns/op
OverheadActual  16: 4096 op, 13400.00 ns, 3.2715 ns/op
OverheadActual  17: 4096 op, 12500.00 ns, 3.0518 ns/op
OverheadActual  18: 4096 op, 12800.00 ns, 3.1250 ns/op

WorkloadWarmup   1: 4096 op, 851896700.00 ns, 207.9826 us/op
WorkloadWarmup   2: 4096 op, 786398700.00 ns, 191.9919 us/op
WorkloadWarmup   3: 4096 op, 780344100.00 ns, 190.5137 us/op

// BeforeActualRun
WorkloadActual   1: 4096 op, 749064400.00 ns, 182.8771 us/op
WorkloadActual   2: 4096 op, 788717100.00 ns, 192.5579 us/op
WorkloadActual   3: 4096 op, 910586000.00 ns, 222.3110 us/op

// AfterActualRun
WorkloadResult   1: 4096 op, 749051850.00 ns, 182.8740 us/op
WorkloadResult   2: 4096 op, 788704550.00 ns, 192.5548 us/op
WorkloadResult   3: 4096 op, 910573450.00 ns, 222.3080 us/op
// GC:  162 55 0 2032765432 4096
// Threading:  0 0 4096

// AfterAll
// Benchmark Process 22188 has exited with code 0.

Mean = 199.246 μs, StdErr = 11.865 μs (5.95%), N = 3, StdDev = 20.551 μs
Min = 182.874 μs, Q1 = 187.714 μs, Median = 192.555 μs, Q3 = 207.431 μs, Max = 222.308 μs
IQR = 19.717 μs, LowerFence = 158.139 μs, UpperFence = 237.007 μs
ConfidenceInterval = [-175.677 μs; 574.168 μs] (CI 99.9%), Margin = 374.923 μs (188.17% of Mean)
Skewness = 0.29, Kurtosis = 0.67, MValue = 2

// ** Remained 3 (75.0%) benchmark(s) to run. Estimated finish 2026-10-06 15:29 (0h 0m from now) **
Setup power plan (GUID: 8c5e7fda-e8bf-4a96-9a85-a6e23a8c635c FriendlyName: High performance)
// **************************
// Benchmark: LocalQuery.IndexedPage: ShortRun(IterationCount=3, LaunchCount=1, WarmupCount=3) [Count=10000, Store=sqlite-full]
// *** Execute ***
// Launch: 1 / 1
// Execute: dotnet Bsync.Benchmarks-ShortRun-1.dll --anonymousPipes 3492 3164 --benchmarkName "LocalQuery.IndexedPage(Count: 10000, Store: \"sqlite-full\")" --job ShortRun --benchmarkId 1 in C:\dev\github\msynk\Bsync\src\Tests\Bsync.Benchmarks\bin\Release\net10.0\Bsync.Benchmarks-ShortRun-1\bin\Release\net10.0
// BeforeAnythingElse

// Benchmark Process Environment Information:
// BenchmarkDotNet v0.15.8
// Runtime=.NET 10.0.12 (10.0.12, 10.0.1226.42308), X64 RyuJIT x86-64-v3
// GC=Concurrent Workstation
// HardwareIntrinsics=AVX2+BMI1+BMI2+F16C+FMA+LZCNT+MOVBE,AVX,SSE3+SSSE3+SSE4.1+SSE4.2+POPCNT,X86Base+SSE+SSE2,AES+PCLMUL,AvxVnni,SERIALIZE VectorSize=256
// Job: ShortRun(IterationCount=3, LaunchCount=1, WarmupCount=3)

OverheadJitting  1: 1 op, 273500.00 ns, 273.5000 us/op
WorkloadJitting  1: 1 op, 8523000.00 ns, 8.5230 ms/op

OverheadJitting  2: 16 op, 647000.00 ns, 40.4375 us/op
WorkloadJitting  2: 16 op, 24629600.00 ns, 1.5394 ms/op

WorkloadPilot    1: 16 op, 25002000.00 ns, 1.5626 ms/op
WorkloadPilot    2: 32 op, 49024400.00 ns, 1.5320 ms/op
WorkloadPilot    3: 64 op, 84388800.00 ns, 1.3186 ms/op
WorkloadPilot    4: 128 op, 140188500.00 ns, 1.0952 ms/op
WorkloadPilot    5: 256 op, 170354800.00 ns, 665.4484 us/op
WorkloadPilot    6: 512 op, 269028600.00 ns, 525.4465 us/op
WorkloadPilot    7: 1024 op, 519310100.00 ns, 507.1388 us/op

OverheadWarmup   1: 1024 op, 6400.00 ns, 6.2500 ns/op
OverheadWarmup   2: 1024 op, 3800.00 ns, 3.7109 ns/op
OverheadWarmup   3: 1024 op, 3800.00 ns, 3.7109 ns/op
OverheadWarmup   4: 1024 op, 3800.00 ns, 3.7109 ns/op
OverheadWarmup   5: 1024 op, 3800.00 ns, 3.7109 ns/op
OverheadWarmup   6: 1024 op, 3900.00 ns, 3.8086 ns/op

OverheadActual   1: 1024 op, 5000.00 ns, 4.8828 ns/op
OverheadActual   2: 1024 op, 5200.00 ns, 5.0781 ns/op
OverheadActual   3: 1024 op, 4800.00 ns, 4.6875 ns/op
OverheadActual   4: 1024 op, 4200.00 ns, 4.1016 ns/op
OverheadActual   5: 1024 op, 4700.00 ns, 4.5898 ns/op
OverheadActual   6: 1024 op, 5900.00 ns, 5.7617 ns/op
OverheadActual   7: 1024 op, 4400.00 ns, 4.2969 ns/op
OverheadActual   8: 1024 op, 4500.00 ns, 4.3945 ns/op
OverheadActual   9: 1024 op, 3900.00 ns, 3.8086 ns/op
OverheadActual  10: 1024 op, 3900.00 ns, 3.8086 ns/op
OverheadActual  11: 1024 op, 4900.00 ns, 4.7852 ns/op
OverheadActual  12: 1024 op, 5600.00 ns, 5.4688 ns/op
OverheadActual  13: 1024 op, 7500.00 ns, 7.3242 ns/op
OverheadActual  14: 1024 op, 5100.00 ns, 4.9805 ns/op
OverheadActual  15: 1024 op, 5400.00 ns, 5.2734 ns/op
OverheadActual  16: 1024 op, 4700.00 ns, 4.5898 ns/op
OverheadActual  17: 1024 op, 6000.00 ns, 5.8594 ns/op
OverheadActual  18: 1024 op, 5900.00 ns, 5.7617 ns/op
OverheadActual  19: 1024 op, 4900.00 ns, 4.7852 ns/op
OverheadActual  20: 1024 op, 5500.00 ns, 5.3711 ns/op

WorkloadWarmup   1: 1024 op, 522565500.00 ns, 510.3179 us/op
WorkloadWarmup   2: 1024 op, 488950300.00 ns, 477.4905 us/op
WorkloadWarmup   3: 1024 op, 424851700.00 ns, 414.8942 us/op

// BeforeActualRun
WorkloadActual   1: 1024 op, 412905700.00 ns, 403.2282 us/op
WorkloadActual   2: 1024 op, 384197900.00 ns, 375.1933 us/op
WorkloadActual   3: 1024 op, 373873500.00 ns, 365.1108 us/op

// AfterActualRun
WorkloadResult   1: 1024 op, 412900750.00 ns, 403.2234 us/op
WorkloadResult   2: 1024 op, 384192950.00 ns, 375.1884 us/op
WorkloadResult   3: 1024 op, 373868550.00 ns, 365.1060 us/op
// GC:  74 49 0 939291184 1024
// Threading:  0 0 1024

// AfterAll
// Benchmark Process 46800 has exited with code 0.

Mean = 381.173 μs, StdErr = 11.403 μs (2.99%), N = 3, StdDev = 19.751 μs
Min = 365.106 μs, Q1 = 370.147 μs, Median = 375.188 μs, Q3 = 389.206 μs, Max = 403.223 μs
IQR = 19.059 μs, LowerFence = 341.559 μs, UpperFence = 417.794 μs
ConfidenceInterval = [20.846 μs; 741.500 μs] (CI 99.9%), Margin = 360.327 μs (94.53% of Mean)
Skewness = 0.28, Kurtosis = 0.67, MValue = 2

// ** Remained 2 (50.0%) benchmark(s) to run. Estimated finish 2026-10-06 15:28 (0h 0m from now) **
Setup power plan (GUID: 8c5e7fda-e8bf-4a96-9a85-a6e23a8c635c FriendlyName: High performance)
// **************************
// Benchmark: LocalQuery.IndexedPage: ShortRun(IterationCount=3, LaunchCount=1, WarmupCount=3) [Count=50000, Store=memory]
// *** Execute ***
// Launch: 1 / 1
// Execute: dotnet Bsync.Benchmarks-ShortRun-1.dll --anonymousPipes 3124 1928 --benchmarkName "LocalQuery.IndexedPage(Count: 50000, Store: \"memory\")" --job ShortRun --benchmarkId 2 in C:\dev\github\msynk\Bsync\src\Tests\Bsync.Benchmarks\bin\Release\net10.0\Bsync.Benchmarks-ShortRun-1\bin\Release\net10.0
// BeforeAnythingElse

// Benchmark Process Environment Information:
// BenchmarkDotNet v0.15.8
// Runtime=.NET 10.0.12 (10.0.12, 10.0.1226.42308), X64 RyuJIT x86-64-v3
// GC=Concurrent Workstation
// HardwareIntrinsics=AVX2+BMI1+BMI2+F16C+FMA+LZCNT+MOVBE,AVX,SSE3+SSSE3+SSE4.1+SSE4.2+POPCNT,X86Base+SSE+SSE2,AES+PCLMUL,AvxVnni,SERIALIZE VectorSize=256
// Job: ShortRun(IterationCount=3, LaunchCount=1, WarmupCount=3)

OverheadJitting  1: 1 op, 328900.00 ns, 328.9000 us/op
WorkloadJitting  1: 1 op, 11218900.00 ns, 11.2189 ms/op

OverheadJitting  2: 16 op, 661000.00 ns, 41.3125 us/op
WorkloadJitting  2: 16 op, 15239800.00 ns, 952.4875 us/op

WorkloadPilot    1: 16 op, 7560000.00 ns, 472.5000 us/op
WorkloadPilot    2: 32 op, 18404600.00 ns, 575.1438 us/op
WorkloadPilot    3: 64 op, 28702100.00 ns, 448.4703 us/op
WorkloadPilot    4: 128 op, 53345100.00 ns, 416.7586 us/op
WorkloadPilot    5: 256 op, 92176800.00 ns, 360.0656 us/op
WorkloadPilot    6: 512 op, 153562600.00 ns, 299.9270 us/op
WorkloadPilot    7: 1024 op, 284434300.00 ns, 277.7679 us/op
WorkloadPilot    8: 2048 op, 512126300.00 ns, 250.0617 us/op

OverheadWarmup   1: 2048 op, 14100.00 ns, 6.8848 ns/op
OverheadWarmup   2: 2048 op, 10200.00 ns, 4.9805 ns/op
OverheadWarmup   3: 2048 op, 9900.00 ns, 4.8340 ns/op
OverheadWarmup   4: 2048 op, 7600.00 ns, 3.7109 ns/op
OverheadWarmup   5: 2048 op, 7500.00 ns, 3.6621 ns/op
OverheadWarmup   6: 2048 op, 7300.00 ns, 3.5645 ns/op
OverheadWarmup   7: 2048 op, 6600.00 ns, 3.2227 ns/op
OverheadWarmup   8: 2048 op, 15500.00 ns, 7.5684 ns/op
OverheadWarmup   9: 2048 op, 8700.00 ns, 4.2480 ns/op
OverheadWarmup  10: 2048 op, 8200.00 ns, 4.0039 ns/op

OverheadActual   1: 2048 op, 10000.00 ns, 4.8828 ns/op
OverheadActual   2: 2048 op, 9300.00 ns, 4.5410 ns/op
OverheadActual   3: 2048 op, 9800.00 ns, 4.7852 ns/op
OverheadActual   4: 2048 op, 10000.00 ns, 4.8828 ns/op
OverheadActual   5: 2048 op, 9500.00 ns, 4.6387 ns/op
OverheadActual   6: 2048 op, 10000.00 ns, 4.8828 ns/op
OverheadActual   7: 2048 op, 7200.00 ns, 3.5156 ns/op
OverheadActual   8: 2048 op, 7800.00 ns, 3.8086 ns/op
OverheadActual   9: 2048 op, 9200.00 ns, 4.4922 ns/op
OverheadActual  10: 2048 op, 9400.00 ns, 4.5898 ns/op
OverheadActual  11: 2048 op, 8800.00 ns, 4.2969 ns/op
OverheadActual  12: 2048 op, 8100.00 ns, 3.9551 ns/op
OverheadActual  13: 2048 op, 7900.00 ns, 3.8574 ns/op
OverheadActual  14: 2048 op, 10000.00 ns, 4.8828 ns/op
OverheadActual  15: 2048 op, 8400.00 ns, 4.1016 ns/op
OverheadActual  16: 2048 op, 8800.00 ns, 4.2969 ns/op
OverheadActual  17: 2048 op, 9800.00 ns, 4.7852 ns/op
OverheadActual  18: 2048 op, 10800.00 ns, 5.2734 ns/op
OverheadActual  19: 2048 op, 10400.00 ns, 5.0781 ns/op
OverheadActual  20: 2048 op, 9600.00 ns, 4.6875 ns/op

WorkloadWarmup   1: 2048 op, 877095800.00 ns, 428.2694 us/op
WorkloadWarmup   2: 2048 op, 1169154800.00 ns, 570.8764 us/op
WorkloadWarmup   3: 2048 op, 1021812600.00 ns, 498.9319 us/op

// BeforeActualRun
WorkloadActual   1: 2048 op, 727622500.00 ns, 355.2844 us/op
WorkloadActual   2: 2048 op, 634748200.00 ns, 309.9356 us/op
WorkloadActual   3: 2048 op, 588129900.00 ns, 287.1728 us/op

// AfterActualRun
WorkloadResult   1: 2048 op, 727613050.00 ns, 355.2798 us/op
WorkloadResult   2: 2048 op, 634738750.00 ns, 309.9310 us/op
WorkloadResult   3: 2048 op, 588120450.00 ns, 287.1682 us/op
// GC:  81 30 0 1019070968 2048
// Threading:  0 0 2048

// AfterAll
// Benchmark Process 23724 has exited with code 0.

Mean = 317.460 μs, StdErr = 20.019 μs (6.31%), N = 3, StdDev = 34.674 μs
Min = 287.168 μs, Q1 = 298.550 μs, Median = 309.931 μs, Q3 = 332.605 μs, Max = 355.280 μs
IQR = 34.056 μs, LowerFence = 247.466 μs, UpperFence = 383.689 μs
ConfidenceInterval = [-315.129 μs; 950.048 μs] (CI 99.9%), Margin = 632.589 μs (199.27% of Mean)
Skewness = 0.21, Kurtosis = 0.67, MValue = 2

// ** Remained 1 (25.0%) benchmark(s) to run. Estimated finish 2026-10-06 15:29 (0h 0m from now) **
Setup power plan (GUID: 8c5e7fda-e8bf-4a96-9a85-a6e23a8c635c FriendlyName: High performance)
// **************************
// Benchmark: LocalQuery.IndexedPage: ShortRun(IterationCount=3, LaunchCount=1, WarmupCount=3) [Count=50000, Store=sqlite-full]
// *** Execute ***
// Launch: 1 / 1
// Execute: dotnet Bsync.Benchmarks-ShortRun-1.dll --anonymousPipes 1428 1864 --benchmarkName "LocalQuery.IndexedPage(Count: 50000, Store: \"sqlite-full\")" --job ShortRun --benchmarkId 3 in C:\dev\github\msynk\Bsync\src\Tests\Bsync.Benchmarks\bin\Release\net10.0\Bsync.Benchmarks-ShortRun-1\bin\Release\net10.0
// BeforeAnythingElse

// Benchmark Process Environment Information:
// BenchmarkDotNet v0.15.8
// Runtime=.NET 10.0.12 (10.0.12, 10.0.1226.42308), X64 RyuJIT x86-64-v3
// GC=Concurrent Workstation
// HardwareIntrinsics=AVX2+BMI1+BMI2+F16C+FMA+LZCNT+MOVBE,AVX,SSE3+SSSE3+SSE4.1+SSE4.2+POPCNT,X86Base+SSE+SSE2,AES+PCLMUL,AvxVnni,SERIALIZE VectorSize=256
// Job: ShortRun(IterationCount=3, LaunchCount=1, WarmupCount=3)

OverheadJitting  1: 1 op, 318000.00 ns, 318.0000 us/op
WorkloadJitting  1: 1 op, 13677000.00 ns, 13.6770 ms/op

OverheadJitting  2: 16 op, 803400.00 ns, 50.2125 us/op
WorkloadJitting  2: 16 op, 14389900.00 ns, 899.3688 us/op

WorkloadPilot    1: 16 op, 23306900.00 ns, 1.4567 ms/op
WorkloadPilot    2: 32 op, 27011500.00 ns, 844.1094 us/op
WorkloadPilot    3: 64 op, 57638500.00 ns, 900.6016 us/op
WorkloadPilot    4: 128 op, 109070600.00 ns, 852.1141 us/op
WorkloadPilot    5: 256 op, 210845200.00 ns, 823.6141 us/op
WorkloadPilot    6: 512 op, 360820600.00 ns, 704.7277 us/op
WorkloadPilot    7: 1024 op, 613741300.00 ns, 599.3567 us/op

OverheadWarmup   1: 1024 op, 8000.00 ns, 7.8125 ns/op
OverheadWarmup   2: 1024 op, 4700.00 ns, 4.5898 ns/op
OverheadWarmup   3: 1024 op, 5500.00 ns, 5.3711 ns/op
OverheadWarmup   4: 1024 op, 4000.00 ns, 3.9063 ns/op
OverheadWarmup   5: 1024 op, 4000.00 ns, 3.9063 ns/op
OverheadWarmup   6: 1024 op, 5100.00 ns, 4.9805 ns/op

OverheadActual   1: 1024 op, 4900.00 ns, 4.7852 ns/op
OverheadActual   2: 1024 op, 5500.00 ns, 5.3711 ns/op
OverheadActual   3: 1024 op, 5900.00 ns, 5.7617 ns/op
OverheadActual   4: 1024 op, 4900.00 ns, 4.7852 ns/op
OverheadActual   5: 1024 op, 4600.00 ns, 4.4922 ns/op
OverheadActual   6: 1024 op, 5600.00 ns, 5.4688 ns/op
OverheadActual   7: 1024 op, 5300.00 ns, 5.1758 ns/op
OverheadActual   8: 1024 op, 5500.00 ns, 5.3711 ns/op
OverheadActual   9: 1024 op, 5400.00 ns, 5.2734 ns/op
OverheadActual  10: 1024 op, 4600.00 ns, 4.4922 ns/op
OverheadActual  11: 1024 op, 4700.00 ns, 4.5898 ns/op
OverheadActual  12: 1024 op, 5100.00 ns, 4.9805 ns/op
OverheadActual  13: 1024 op, 4500.00 ns, 4.3945 ns/op
OverheadActual  14: 1024 op, 6500.00 ns, 6.3477 ns/op
OverheadActual  15: 1024 op, 5800.00 ns, 5.6641 ns/op
OverheadActual  16: 1024 op, 5000.00 ns, 4.8828 ns/op
OverheadActual  17: 1024 op, 4700.00 ns, 4.5898 ns/op
OverheadActual  18: 1024 op, 4900.00 ns, 4.7852 ns/op
OverheadActual  19: 1024 op, 6700.00 ns, 6.5430 ns/op
OverheadActual  20: 1024 op, 5600.00 ns, 5.4688 ns/op

WorkloadWarmup   1: 1024 op, 605878400.00 ns, 591.6781 us/op
WorkloadWarmup   2: 1024 op, 687058100.00 ns, 670.9552 us/op
WorkloadWarmup   3: 1024 op, 660079600.00 ns, 644.6090 us/op

// BeforeActualRun
WorkloadActual   1: 1024 op, 634193000.00 ns, 619.3291 us/op
WorkloadActual   2: 1024 op, 628823500.00 ns, 614.0854 us/op
WorkloadActual   3: 1024 op, 686507500.00 ns, 670.4175 us/op

// AfterActualRun
WorkloadResult   1: 1024 op, 634187800.00 ns, 619.3240 us/op
WorkloadResult   2: 1024 op, 628818300.00 ns, 614.0804 us/op
WorkloadResult   3: 1024 op, 686502300.00 ns, 670.4124 us/op
// GC:  74 48 0 940601904 1024
// Threading:  0 0 1024

// AfterAll
// Benchmark Process 27416 has exited with code 0.

Mean = 634.606 μs, StdErr = 17.967 μs (2.83%), N = 3, StdDev = 31.120 μs
Min = 614.080 μs, Q1 = 616.702 μs, Median = 619.324 μs, Q3 = 644.868 μs, Max = 670.412 μs
IQR = 28.166 μs, LowerFence = 574.453 μs, UpperFence = 687.117 μs
ConfidenceInterval = [66.857 μs; 1,202.355 μs] (CI 99.9%), Margin = 567.749 μs (89.46% of Mean)
Skewness = 0.37, Kurtosis = 0.67, MValue = 2

// ** Remained 0 (0.0%) benchmark(s) to run. Estimated finish 2026-10-06 15:29 (0h 0m from now) **
Successfully reverted power plan (GUID: 381b4222-f694-41f0-9685-ff5bb260df2e FriendlyName: Balanced)
// ***** BenchmarkRunner: Finish  *****

// * Export *
  BenchmarkDotNet.Artifacts\results\LocalQuery-report.csv
  BenchmarkDotNet.Artifacts\results\LocalQuery-report-github.md
  BenchmarkDotNet.Artifacts\results\LocalQuery-report.html

// * Detailed results *
LocalQuery.IndexedPage: ShortRun(IterationCount=3, LaunchCount=1, WarmupCount=3) [Count=10000, Store=memory]
Runtime = .NET 10.0.12 (10.0.12, 10.0.1226.42308), X64 RyuJIT x86-64-v3; GC = Concurrent Workstation
Mean = 199.246 μs, StdErr = 11.865 μs (5.95%), N = 3, StdDev = 20.551 μs
Min = 182.874 μs, Q1 = 187.714 μs, Median = 192.555 μs, Q3 = 207.431 μs, Max = 222.308 μs
IQR = 19.717 μs, LowerFence = 158.139 μs, UpperFence = 237.007 μs
ConfidenceInterval = [-175.677 μs; 574.168 μs] (CI 99.9%), Margin = 374.923 μs (188.17% of Mean)
Skewness = 0.29, Kurtosis = 0.67, MValue = 2
-------------------- Histogram --------------------
[169.012 μs ; 206.416 μs) | @@
[206.416 μs ; 241.010 μs) | @
---------------------------------------------------

LocalQuery.IndexedPage: ShortRun(IterationCount=3, LaunchCount=1, WarmupCount=3) [Count=10000, Store=sqlite-full]
Runtime = .NET 10.0.12 (10.0.12, 10.0.1226.42308), X64 RyuJIT x86-64-v3; GC = Concurrent Workstation
Mean = 381.173 μs, StdErr = 11.403 μs (2.99%), N = 3, StdDev = 19.751 μs
Min = 365.106 μs, Q1 = 370.147 μs, Median = 375.188 μs, Q3 = 389.206 μs, Max = 403.223 μs
IQR = 19.059 μs, LowerFence = 341.559 μs, UpperFence = 417.794 μs
ConfidenceInterval = [20.846 μs; 741.500 μs] (CI 99.9%), Margin = 360.327 μs (94.53% of Mean)
Skewness = 0.28, Kurtosis = 0.67, MValue = 2
-------------------- Histogram --------------------
[352.173 μs ; 388.121 μs) | @@
[388.121 μs ; 421.197 μs) | @
---------------------------------------------------

LocalQuery.IndexedPage: ShortRun(IterationCount=3, LaunchCount=1, WarmupCount=3) [Count=50000, Store=memory]
Runtime = .NET 10.0.12 (10.0.12, 10.0.1226.42308), X64 RyuJIT x86-64-v3; GC = Concurrent Workstation
Mean = 317.460 μs, StdErr = 20.019 μs (6.31%), N = 3, StdDev = 34.674 μs
Min = 287.168 μs, Q1 = 298.550 μs, Median = 309.931 μs, Q3 = 332.605 μs, Max = 355.280 μs
IQR = 34.056 μs, LowerFence = 247.466 μs, UpperFence = 383.689 μs
ConfidenceInterval = [-315.129 μs; 950.048 μs] (CI 99.9%), Margin = 632.589 μs (199.27% of Mean)
Skewness = 0.21, Kurtosis = 0.67, MValue = 2
-------------------- Histogram --------------------
[266.995 μs ; 330.105 μs) | @@
[330.105 μs ; 386.835 μs) | @
---------------------------------------------------

LocalQuery.IndexedPage: ShortRun(IterationCount=3, LaunchCount=1, WarmupCount=3) [Count=50000, Store=sqlite-full]
Runtime = .NET 10.0.12 (10.0.12, 10.0.1226.42308), X64 RyuJIT x86-64-v3; GC = Concurrent Workstation
Mean = 634.606 μs, StdErr = 17.967 μs (2.83%), N = 3, StdDev = 31.120 μs
Min = 614.080 μs, Q1 = 616.702 μs, Median = 619.324 μs, Q3 = 644.868 μs, Max = 670.412 μs
IQR = 28.166 μs, LowerFence = 574.453 μs, UpperFence = 687.117 μs
ConfidenceInterval = [66.857 μs; 1,202.355 μs] (CI 99.9%), Margin = 567.749 μs (89.46% of Mean)
Skewness = 0.37, Kurtosis = 0.67, MValue = 2
-------------------- Histogram --------------------
[613.926 μs ; 670.567 μs) | @@@
---------------------------------------------------

// * Summary *

BenchmarkDotNet v0.15.8, Windows 10 (10.0.19045.6456/22H2/2022Update)
Intel Core Ultra 7 255H 2.00GHz, 1 CPU, 16 logical and 16 physical cores
.NET SDK 10.0.401
  [Host]   : .NET 10.0.12 (10.0.12, 10.0.1226.42308), X64 RyuJIT x86-64-v3
  ShortRun : .NET 10.0.12 (10.0.12, 10.0.1226.42308), X64 RyuJIT x86-64-v3

Job=ShortRun  IterationCount=3  LaunchCount=1  
WarmupCount=3  

| Method      | Count | Store       | Mean     | Error    | StdDev   | P95      | Gen0    | Gen1    | Allocated |
|------------ |------ |------------ |---------:|---------:|---------:|---------:|--------:|--------:|----------:|
| IndexedPage | 10000 | memory      | 199.2 μs | 374.9 μs | 20.55 μs | 219.3 μs | 39.5508 | 13.4277 | 484.65 KB |
| IndexedPage | 10000 | sqlite-full | 381.2 μs | 360.3 μs | 19.75 μs | 400.4 μs | 72.2656 | 47.8516 | 895.78 KB |
| IndexedPage | 50000 | memory      | 317.5 μs | 632.6 μs | 34.67 μs | 350.7 μs | 39.5508 | 14.6484 | 485.93 KB |
| IndexedPage | 50000 | sqlite-full | 634.6 μs | 567.7 μs | 31.12 μs | 665.3 μs | 72.2656 | 46.8750 | 897.03 KB |

// * Legends *
  Count     : Value of the 'Count' parameter
  Store     : Value of the 'Store' parameter
  Mean      : Arithmetic mean of all measurements
  Error     : Half of 99.9% confidence interval
  StdDev    : Standard deviation of all measurements
  P95       : Percentile 95
  Gen0      : GC Generation 0 collects per 1000 operations
  Gen1      : GC Generation 1 collects per 1000 operations
  Allocated : Allocated memory per single operation (managed only, inclusive, 1KB = 1024B)
  1 μs      : 1 Microsecond (0.000001 sec)

// * Diagnostic Output - MemoryDiagnoser *


// ***** BenchmarkRunner: End *****
Run time: 00:00:44 (44.19 sec), executed benchmarks: 4

Global total time: 00:01:06 (66.49 sec), executed benchmarks: 4
// * Artifacts cleanup *
Artifacts cleanup is finished
